“Run: 0”
RunStart
/home/hodesse/miniconda3/envs/tpot2env/lib/python3.10/site-packages/sklearn/neural_network/_multilayer_perceptron.py:781: ConvergenceWarning: Stochastic Optimizer: Maximum iterations (200) reached and the optimization hasn't converged yet.
  warnings.warn(
/home/hodesse/miniconda3/envs/tpot2env/lib/python3.10/site-packages/sklearn/linear_model/_sag.py:348: ConvergenceWarning: The max_iter was reached which means the coef_ did not converge
  warnings.warn(
/home/hodesse/miniconda3/envs/tpot2env/lib/python3.10/site-packages/sklearn/linear_model/_sag.py:348: ConvergenceWarning: The max_iter was reached which means the coef_ did not converge
  warnings.warn(
/home/hodesse/miniconda3/envs/tpot2env/lib/python3.10/site-packages/sklearn/linear_model/_sag.py:348: ConvergenceWarning: The max_iter was reached which means the coef_ did not converge
  warnings.warn(
/home/hodesse/miniconda3/envs/tpot2env/lib/python3.10/site-packages/sklearn/linear_model/_sag.py:348: ConvergenceWarning: The max_iter was reached which means the coef_ did not converge
  warnings.warn(
/home/hodesse/miniconda3/envs/tpot2env/lib/python3.10/site-packages/sklearn/linear_model/_sag.py:348: ConvergenceWarning: The max_iter was reached which means the coef_ did not converge
  warnings.warn(
/home/hodesse/miniconda3/envs/tpot2env/lib/python3.10/site-packages/sklearn/linear_model/_sag.py:348: ConvergenceWarning: The max_iter was reached which means the coef_ did not converge
  warnings.warn(
/home/hodesse/miniconda3/envs/tpot2env/lib/python3.10/site-packages/sklearn/linear_model/_sag.py:348: ConvergenceWarning: The max_iter was reached which means the coef_ did not converge
  warnings.warn(
/home/hodesse/miniconda3/envs/tpot2env/lib/python3.10/site-packages/sklearn/linear_model/_sag.py:348: ConvergenceWarning: The max_iter was reached which means the coef_ did not converge
  warnings.warn(
/home/hodesse/miniconda3/envs/tpot2env/lib/python3.10/site-packages/sklearn/linear_model/_sag.py:348: ConvergenceWarning: The max_iter was reached which means the coef_ did not converge
  warnings.warn(
/home/hodesse/miniconda3/envs/tpot2env/lib/python3.10/site-packages/sklearn/neural_network/_multilayer_perceptron.py:781: ConvergenceWarning: Stochastic Optimizer: Maximum iterations (200) reached and the optimization hasn't converged yet.
  warnings.warn(
/home/hodesse/miniconda3/envs/tpot2env/lib/python3.10/site-packages/sklearn/neural_network/_multilayer_perceptron.py:781: ConvergenceWarning: Stochastic Optimizer: Maximum iterations (200) reached and the optimization hasn't converged yet.
  warnings.warn(
